[2026-07-05 16:33:55] Alarm activated - horreaqerfj: ALOOOOOOO
[2026-07-05 16:34:24] Add tag - DO rurfyjdydyd
[2026-07-05 16:34:31] Alarm activated - horreaqerfj: ALOOOOOOO
[2026-07-05 16:34:32] Write to tag - rurfyjdydyd = 22
[2026-07-05 16:34:36] Write to tag - rurfyjdydyd = 1
[2026-07-05 16:34:36] Write to tag - rurfyjdydyd = 1
[2026-07-05 16:42:54] Add alarm - horreaqerfj limit=22
[2026-07-05 16:43:07] Write to tag - rurfyjdydyd = 1
[2026-07-05 16:43:14] Alarm activated - horreaqerfj: Preslo je granicu
[2026-07-05 16:43:46] Add alarm - horreaqerfj limit=22
[2026-07-05 16:43:47] Alarm activated - horreaqerfj: qdjaish
[2026-07-05 16:44:00] Acknowledge alarm - id=1 tag=horreaqerfj
[2026-07-05 16:53:17] Alarm activated - horreaqerfj: Preslo je granicu
[2026-07-05 16:53:17] Alarm activated - horreaqerfj: qdjaish
[2026-07-05 16:53:31] Alarm activated - horreaqerfj: ALOOOOOOO
[2026-07-05 16:53:44] Acknowledge alarm - id=1 tag=horreaqerfj
[2026-07-05 16:53:46] Acknowledge alarm - id=2 tag=horreaqerfj
[2026-07-05 16:53:49] Acknowledge alarm - id=3 tag=horreaqerfj
[2026-07-05 16:53:55] Remove alarm - id=3
[2026-07-05 16:54:14] Alarm activated - horreaqerfj: Preslo je granicu
[2026-07-05 16:54:18] Generate report - C:\Users\dusan\Documents\Report.txt
[2026-07-05 16:54:31] Alarm activated - horreaqerfj: ALOOOOOOO
[2026-07-05 16:56:32] Add tag - DI jgtenz
[2026-07-05 16:56:47] Alarm activated - horreaqerfj: ALOOOOOOO
[2026-07-05 16:56:47] Alarm activated - horreaqerfj: Preslo je granicu
[2026-07-05 16:57:26] Acknowledge alarm - id=2 tag=horreaqerfj
[2026-07-05 16:57:31] Alarm activated - horreaqerfj: ALOOOOOOO
[2026-07-05 16:57:47] Acknowledge alarm - id=1 tag=horreaqerfj
[2026-07-05 16:57:48] Remove alarm - id=1
[2026-07-05 16:58:14] Alarm activated - horreaqerfj: Preslo je granicu
[2026-07-05 16:58:41] Write to tag - rurfyjdydyd = 11010101
[2026-07-05 16:58:45] Write to tag - rurfyjdydyd = 1
[2026-07-05 17:01:14] Alarm activated - horreaqerfj: Preslo je granicu
[2026-07-05 19:09:14] Alarm activated - horreaqerfj: Preslo je granicu
[2026-07-05 20:53:34] Write to tag - rurfyjdydyd = 1
[2026-07-07 16:59:48] Write to tag - rurfyjdydyd = 1
[2026-07-09 11:54:35] Login - Dusan
[2026-07-09 12:09:34] Login - Dusan
[2026-07-09 12:13:05] Login - reerqafea
[2026-07-09 12:13:59] Acknowledge alarm - id=2 tag=horreaqerfj
[2026-07-09 12:14:01] Remove alarm - id=2
[2026-07-09 12:15:28] Login - dd
[2026-07-09 12:20:13] Login - efhi
[2026-07-09 12:26:20] Login - aei
[2026-07-09 12:26:58] Login - EFDSHJZ
[2026-07-09 12:29:21] Login - DFsj
[2026-07-09 12:37:27] Login - reedas
[2026-07-09 12:38:02] Add tag - AI ddsi
[2026-07-09 12:38:21] Remove tag - AI ddsi
[2026-07-09 12:38:28] Remove tag - AI duijaosl
[2026-07-09 12:39:02] Add tag - AI EWUICDSJK
[2026-07-09 12:39:32] Add alarm - EWUICDSJK limit=50
[2026-07-09 13:39:25] Login - jiessa
[2026-07-09 14:06:42] Login - dkasnssdvbjk
[2026-07-09 14:11:10] Login - eWHDSJ\
[2026-07-09 14:18:09] Login - hudcx
[2026-07-09 14:20:40] Login - Dusan
[2026-07-09 14:20:57] Write to tag - rurfyjdydyd = 1
[2026-07-09 14:20:58] Write to tag - rurfyjdydyd = 1
[2026-07-09 14:20:59] Write to tag - rurfyjdydyd = 1
[2026-07-09 14:21:02] Write to tag - rurfyjdydyd = 1
[2026-07-09 14:22:18] Update tag - jgtenz
[2026-07-09 14:23:22] Generate report - C:\Users\dusan\Documents\Report1.txt
[2026-07-09 14:28:34] Update alarm - id=4
[2026-07-09 14:29:00] Alarm activated - EWUICDSJK: Vrednost je presla granicu!
[2026-07-09 14:30:00] Alarm activated - EWUICDSJK: Vrednost je presla granicu!
[2026-07-09 14:30:10] Acknowledge alarm - id=4 tag=EWUICDSJK
[2026-07-09 14:30:12] Remove alarm - id=4
[2026-07-09 14:35:41] Login - Dusan
[2026-07-09 14:36:07] Add tag - AI jiewf
[2026-07-09 14:37:09] Remove tag - AI jiewf
[2026-07-09 14:38:03] Login - Dusan
[2026-07-09 14:44:47] Login - Dusan
[2026-07-09 14:45:19] Add tag - AI jdsk
[2026-07-09 14:46:17] Add alarm - jdsk limit=50
[2026-07-09 14:46:31] Alarm activated - jdsk: Predjena je granica!
[2026-07-09 14:47:31] Alarm activated - jdsk: Predjena je granica!
[2026-07-09 14:48:11] Add tag - AI oewirfirh
[2026-07-09 14:48:31] Alarm activated - jdsk: Predjena je granica!
[2026-07-09 14:48:35] Acknowledge alarm - id=1 tag=jdsk
[2026-07-09 14:48:37] Remove alarm - id=1
[2026-07-09 14:58:54] Login - Dusan
